[2026-02-16 15:44:17] ➥ Идёт проверка, пожалуйста, подождите...
[2026-02-16 15:44:19] ➥ Идёт проверка, пожалуйста, подождите...
[2026-02-16 15:44:20] ➥ Идёт проверка, пожалуйста, подождите...
[2026-02-16 15:44:22] ➥ Идёт проверка, пожалуйста, подождите...
[2026-02-16 15:44:25] ➥ Идёт проверка, пожалуйста, подождите...
[2026-02-16 15:44:25] ➥ Идёт проверка, пожалуйста, подождите...
[2026-02-16 15:44:25] ➥ Вы успешно прошли проверку! :)
[2026-02-16 15:44:25] [✾] Войдите в игру ⇝ /login <Пароль>
[2026-02-16 15:44:26] [✾] Вы ввели неправильный пароль, если Вас взломали, напишите сюда: vk.com/vladyaso
[2026-02-16 15:44:29] [✾] Войдите в игру ⇝ /login <Пароль>
[2026-02-16 15:44:50] ➥ Идёт проверка, пожалуйста, подождите...
[2026-02-16 15:44:52] ➥ Идёт проверка, пожалуйста, подождите...
[2026-02-16 15:44:52] ➥ Идёт проверка, пожалуйста, подождите...
[2026-02-16 15:44:55] ➥ Идёт проверка, пожалуйста, подождите...
[2026-02-16 15:46:34] [Bot -> Intelark] 👋 Привет! Ваш заказ #TEST123456 получен.

📍 Зайдите на сервер и перейдите на "Анархию 401".
📝 Напишите ваш ник в Minecraft (только ник).
[2026-02-16 15:46:34] [✾] Войдите в игру ⇝ /login <Пароль>
[2026-02-16 15:46:34] [✾] Вы ввели неправильный пароль, если Вас взломали, напишите сюда: vk.com/vladyaso
[2026-02-16 15:46:38] [✾] Войдите в игру ⇝ /login <Пароль>
[2026-02-16 15:46:52] ➥ Идёт проверка, пожалуйста, подождите...
[2026-02-16 15:46:54] ➥ Идёт проверка, пожалуйста, подождите...
[2026-02-16 15:46:55] ➥ Идёт проверка, пожалуйста, подождите...
[2026-02-16 15:46:57] ➥ Идёт проверка, пожалуйста, подождите...
[2026-02-16 15:47:00] ➥ Идёт проверка, пожалуйста, подождите...
[2026-02-16 15:47:00] ➥ Идёт проверка, пожалуйста, подождите...
[2026-02-16 15:47:00] ➥ Вы успешно прошли проверку! :)
[2026-02-16 15:47:00] [✾] Зарегистрируйтесь ⇝ /reg <Пароль>
[2026-02-16 15:47:00] [✾] Успешная регистрация! Приятной игры!
[2026-02-16 15:47:01] ╔════ ★ SpookyTime.net ★ ════╗
║ 
║  Добро пожаловать на SpookyTime
║  Наши социальные сети — /links
║  Приятной игры и новых побед!
║ 
╚══════════════════════╝
[2026-02-16 15:47:03] [$] $10,000 было начислено вам.
[2026-02-16 15:47:03] Вы уже подключены на этот сервер!
[2026-02-16 15:47:38] ╔═════════════════════════════
║ > ❤ Игрок никскрыт купил 10.000 Токенов
║ > Покупай и ты на сайте shop.SpookyTime.net
╚═════════════════════════════
[2026-02-16 15:48:12] Ⓖ [Глава] Midssu_0 Кун ⇨  LaminateDestroye сын хуни б***ь
[2026-02-16 15:48:13] Ⓛ <sham> [Глава] dimo1488 ⇨ го дуэль
[2026-02-16 15:48:15] Ⓖ ⊰Герцог⊱ kkromik Офф ⇨ спек
[2026-02-16 15:48:17] Ⓖ <daika> [Игрок] SasKe___ ⇨  all kupliu cordi bazi cena v ls
[2026-02-16 15:48:20] Ⓖ [Глава] Midssu_0 Кун ⇨  3х1 заебашили с софтом
[2026-02-16 15:48:35] ╔══════════════════════════════════
║ > ❤ Игрок никскрыт купил 1 СУПЕР Кейс с Донатом
║ > Проверь свою удачу у нас!
║ > Покупай и ты на сайте shop.SpookyTime.net
╚══════════════════════════════════
[2026-02-16 15:48:45] Ⓖ [Игрок] sucksawebtww ⇨ 1
[2026-02-16 15:48:53] ╔
[2026-02-16 15:48:53] ╠ Через нашего Телеграм Бота можно узнать:
[2026-02-16 15:48:53] ╠ /mines - список авто-шахт на всех анархиях
[2026-02-16 15:48:53] ╠ /events - список ивентов на всех анархиях
[2026-02-16 15:48:53] ╠ /beacons - список загадочных маяков на всех анархиях
[2026-02-16 15:48:53] ╠ И многое другое, что сделает игру ещё комфортнее
[2026-02-16 15:48:53] ╠ Ссылка: telegram.me/spookytimebot
[2026-02-16 15:48:53] ╚
[2026-02-16 15:49:39] Ⓖ [Глава] BeeZeen1xx ⇨ all кому нужен поставщик золота пишите в тг @Morphe_MS
[2026-02-16 15:50:20] ➥ Идёт проверка, пожалуйста, подождите...
[2026-02-16 15:50:22] ➥ Идёт проверка, пожалуйста, подождите...
[2026-02-16 15:50:24] ➥ Идёт проверка, пожалуйста, подождите...
[2026-02-16 15:50:27] ➥ Идёт проверка, пожалуйста, подождите...
[2026-02-16 15:50:27] ➥ Идёт проверка, пожалуйста, подождите...
[2026-02-16 15:50:27] ➥ Вы успешно прошли проверку! :)
[2026-02-16 15:50:27] [✾] Успешная авторизация! Приятной игры!
[2026-02-16 15:50:27] ╔════ ★ SpookyTime.net ★ ════╗
║ 
║  Добро пожаловать на SpookyTime
║  Наши социальные сети — /links
║  Приятной игры и новых побед!
║ 
╚══════════════════════╝
[2026-02-16 15:50:29] Уже подключаемся на этот сервер!
[2026-02-16 15:50:30] ** ! Внимание !
** Чтобы ваш Аккаунт был в БЕЗОПАСНОСТИ!
** Привяжите его к ВК: /vk
** Или к Телеграм: /tg

** ! Внимание !
** Чтобы ваш Аккаунт был в БЕЗОПАСНОСТИ!
** Привяжите его к ВК: /vk
** Или к Телеграм: /tg
[2026-02-16 15:50:32] Ⓛ [Глава] banan259 ⇨ кто тим пишите я
[2026-02-16 15:50:50] ╔═════════════════════════════
║ > ❤ Игрок никскрыт купил 10.000 Токенов
║ > Покупай и ты на сайте shop.SpookyTime.net
╚═════════════════════════════
[2026-02-16 15:50:50] Ⓛ [Глава] banan259 ⇨ кто тим?
[2026-02-16 15:50:53] ╔
[2026-02-16 15:50:53] ╠                  !!! ВАЖНО !!!
[2026-02-16 15:50:53] ╠ Получите 2,000 Токенов за привязку к
[2026-02-16 15:50:53] ╠ ВКонтакте и Телеграму!
[2026-02-16 15:50:53] ╠
[2026-02-16 15:50:53] ╠ Подробнее: /tg (Привязка к ТГ)
[2026-02-16 15:50:53] ╠ Подробнее: /vk (Привязка к ВК)
[2026-02-16 15:50:53] ╚
[2026-02-16 15:50:57] Ⓛ [Глава] banan259 ⇨ кто тим?
[2026-02-16 15:51:29] [mullaxul1] ку
[2026-02-16 15:52:53] ╔
[2026-02-16 15:52:53] ╠       ! НАБОР В КОМАНДУ ПРОЕКТА !
[2026-02-16 15:52:53] ╠ Открыт зимний набор в Команду Проекта
[2026-02-16 15:52:53] ╠ Давай бороться с читерами вместе!
[2026-02-16 15:52:53] ╠ Подавай заявку и ты: vk.cc/cCSS5u
[2026-02-16 15:52:53] ╚
[2026-02-16 15:52:54] ╔══════════════════════════════════
║ > ❤ Игрок никскрыт купил 1 СУПЕР Кейс с Донатом
║ > Проверь свою удачу у нас!
║ > Покупай и ты на сайте shop.SpookyTime.net
╚══════════════════════════════════
[2026-02-16 15:53:03] Ⓛ <sham> [Глава] dimo1488 ⇨ дуэль?
[2026-02-16 15:53:31] ╔═════════════════════════════
║ > ❤ Игрок никскрыт купил 10.000 Токенов
║ > Покупай и ты на сайте shop.SpookyTime.net
╚═════════════════════════════
[2026-02-16 15:53:32] Ⓛ <wrong> [Глава] 88889988uuu ⇨ ?????
[2026-02-16 15:53:54] Ⓛ ﴾Элита﴿ TTS77 Лоля ⇨ h
[2026-02-16 15:54:48] ╔═════════════════════════════
║ > ❤ Игрок никскрыт купил 10.000 Токенов
║ > Покупай и ты на сайте shop.SpookyTime.net
╚═════════════════════════════
[2026-02-16 15:54:53] ╔
[2026-02-16 15:54:53] ╠                  !!! ВАЖНО !!!
[2026-02-16 15:54:53] ╠ Получите 2,000 Токенов за привязку к
[2026-02-16 15:54:53] ╠ ВКонтакте и Телеграму!
[2026-02-16 15:54:53] ╠
[2026-02-16 15:54:53] ╠ Подробнее: /tg (Привязка к ТГ)
[2026-02-16 15:54:53] ╠ Подробнее: /vk (Привязка к ВК)
[2026-02-16 15:54:53] ╚
[2026-02-16 15:55:38] ✞ MrCarapusio покинул игру во время PvP и был убит.
[2026-02-16 15:56:53] ╔
[2026-02-16 15:56:53] ╠ Токены можно приобрести на сайте shop.SpookyTime.net
[2026-02-16 15:56:53] ╚
[2026-02-16 15:56:57] [♨] super_america_bo забанил DEkira1339 за «2.2» на 15 м
[2026-02-16 15:57:17] ╔══╦══╦══╦══╦══╦══╦══╦══╗
 ║
 ║      |||   [Бикини Боттом]   |||
 ║    Портал активируется через 3 минуты!
 ║    Телепортация: /warp BikiniBottom
 ║
 ╚══╩══╩══╩══╩══╩══╩══╩══╝
[2026-02-16 15:58:22] [✾] Успешная авторизация! Приятной игры!
[2026-02-16 15:58:22] ╔════ ★ SpookyTime.net ★ ════╗
║ 
║  Добро пожаловать на SpookyTime
║  Наши социальные сети — /links
║  Приятной игры и новых побед!
║ 
╚══════════════════════╝
[2026-02-16 15:58:22] ⚡ Наш ДС сервер discord.gg/spookytime
[2026-02-16 15:58:24] Уже подключаемся на этот сервер!
[2026-02-16 15:58:25] ** ! Внимание !
** Чтобы ваш Аккаунт был в БЕЗОПАСНОСТИ!
** Привяжите его к ВК: /vk
** Или к Телеграм: /tg

** ! Внимание !
** Чтобы ваш Аккаунт был в БЕЗОПАСНОСТИ!
** Привяжите его к ВК: /vk
** Или к Телеграм: /tg
[2026-02-16 15:58:27] Ⓖ <sefs> [Титан] loxse ⇨ как открыть магаз где афина продается
[2026-02-16 15:58:29] [mullaxul1] ку
[2026-02-16 15:58:29] [Bot -> mullaxul1] 👋 Привет! Я — автоматический бот.
💰 Оплатите лот, и я помогу с выдачей.
📊 Команды: !status, !queue
[2026-02-16 15:58:33] Ⓖ <daika> [Игрок] SasKe___ ⇨  ./exrta
[2026-02-16 15:59:21] [✾] Успешная авторизация! Приятной игры!
[2026-02-16 15:59:21] ╔════ ★ SpookyTime.net ★ ════╗
║ 
║  Добро пожаловать на SpookyTime
║  Наши социальные сети — /links
║  Приятной игры и новых побед!
║ 
╚══════════════════════╝
[2026-02-16 15:59:23] Уже подключаемся на этот сервер!
[2026-02-16 15:59:24] ** ! Внимание !
** Чтобы ваш Аккаунт был в БЕЗОПАСНОСТИ!
** Привяжите его к ВК: /vk
** Или к Телеграм: /tg

** ! Внимание !
** Чтобы ваш Аккаунт был в БЕЗОПАСНОСТИ!
** Привяжите его к ВК: /vk
** Или к Телеграм: /tg
[2026-02-16 15:59:33] [mullaxul1] .
[2026-02-16 15:59:33] [Bot -> mullaxul1] 👋 Привет! Я — автоматический бот.
💰 Оплатите лот, и я помогу с выдачей.
📊 Команды: !status, !queue
[2026-02-16 15:59:48] Ⓖ <ABC> [Игрок] koger Дура ⇨ warp spongebob
[2026-02-16 16:00:17] ╔══╦══╦══╦══╦══╦══╦══╦══╗
 ║
 ║      |||   [Бикини Боттом]   |||
 ║    Портал в мир Губки Боба активирован!
 ║    Телепортация: /warp BikiniBottom
 ║
 ╚══╩══╩══╩══╩══╩══╩══╩══╝
[2026-02-16 16:00:27] Ⓛ <sham> [Глава] dimo1488 ⇨ что
[2026-02-16 16:00:37] Ⓖ [Аспид] Aunur5566 ⇨ 1
[2026-02-16 16:00:38] ╔═════════════════════════════
║ > ❤ Игрок никскрыт купил 10.000 Токенов
║ > Покупай и ты на сайте shop.SpookyTime.net
╚═════════════════════════════
[2026-02-16 16:00:53] ╔
[2026-02-16 16:00:53] ╠          ! ГОЛОСОВОЙ ЧАТ !
[2026-02-16 16:00:53] ╠ Теперь на сервере можно говорить!
[2026-02-16 16:00:53] ╠ Подробная информация /voice
[2026-02-16 16:00:53] ╚
[2026-02-16 16:01:43] [✾] Успешная авторизация! Приятной игры!
[2026-02-16 16:01:43] ╔════ ★ SpookyTime.net ★ ════╗
║ 
║  Добро пожаловать на SpookyTime
║  Наши социальные сети — /links
║  Приятной игры и новых побед!
║ 
╚══════════════════════╝
[2026-02-16 16:01:44] ⚡ Вы играете на SpookyTime!
[2026-02-16 16:01:45] Уже подключаемся на этот сервер!
[2026-02-16 16:01:46] ** ! Внимание !
** Чтобы ваш Аккаунт был в БЕЗОПАСНОСТИ!
** Привяжите его к ВК: /vk
** Или к Телеграм: /tg

** ! Внимание !
** Чтобы ваш Аккаунт был в БЕЗОПАСНОСТИ!
** Привяжите его к ВК: /vk
** Или к Телеграм: /tg
[2026-02-16 16:02:26] Ⓛ [Игрок] Dooretre123 ⇨ димо
[2026-02-16 16:02:31] Ⓛ [Игрок] Dooretre123 ⇨ давай в клан
[2026-02-16 16:02:43] Ⓛ <sham> [Глава] dimo1488 ⇨ ты софт
[2026-02-16 16:02:53] ╔
[2026-02-16 16:02:53] ╠                  !!! ВАЖНО !!!
[2026-02-16 16:02:53] ╠ Получите 2,000 Токенов за привязку к
[2026-02-16 16:02:53] ╠ ВКонтакте и Телеграму!
[2026-02-16 16:02:53] ╠
[2026-02-16 16:02:53] ╠ Подробнее: /tg (Привязка к ТГ)
[2026-02-16 16:02:53] ╠ Подробнее: /vk (Привязка к ВК)
[2026-02-16 16:02:53] ╚
[2026-02-16 16:03:04] Ⓛ [Игрок] Dooretre123 ⇨ давай еще раз пвп просто проверить хочу я меч дам если тебе нужна это алма я отдам обратно
[2026-02-16 16:03:17] ╔══════════════════════════════════
║ > ❤ Игрок никскрыт купил 30.000 Токенов
║ > Потратить их можно в /tshop!
║ > Покупай и ты на сайте shop.SpookyTime.net
╚══════════════════════════════════
[2026-02-16 16:03:25] [mullaxul1] ку
[2026-02-16 16:03:38] Ⓛ <sham> [Глава] dimo1488 ⇨ я деньги потеряю все
[2026-02-16 16:03:43] Ⓛ [Игрок] Dooretre123 ⇨ я тебе верну
[2026-02-16 16:04:01] Ⓛ <sham> [Глава] dimo1488 ⇨ я не хочу
[2026-02-16 16:04:01] Ⓛ [Игрок] Dooretre123 ⇨ ладно кароче я ливать буду щас тебе база нужна моя там пару алмазок
[2026-02-16 16:04:16] Ⓛ [Игрок] Dooretre123 ⇨ просто мама компютер забирает
[2026-02-16 16:04:22] Ⓛ [Игрок] Dooretre123 ⇨ из за оценок
[2026-02-16 16:04:33] Ⓛ <sham> [Глава] dimo1488 ⇨ рил?
[2026-02-16 16:04:33] Ⓛ [Игрок] Dooretre123 ⇨ тп тогда ко мне
[2026-02-16 16:04:37] Ⓛ [Игрок] Dooretre123 ⇨ да
[2026-02-16 16:04:41] Ⓛ [Игрок] Dooretre123 ⇨ скидывай вещи
[2026-02-16 16:04:47] Ⓛ [Игрок] Dooretre123 ⇨ свои в ек
[2026-02-16 16:04:53] ╔
[2026-02-16 16:04:53] ╠ Подписывайтесь на наш ТГ - telegram.me/spookytimenet
[2026-02-16 16:04:53] ╚
[2026-02-16 16:04:56] Ⓛ [Игрок] Dooretre123 ⇨ жду скажешь как тепаться
[2026-02-16 16:05:13] Ⓖ <huyok> [Глава] ebaniiac 0iq ⇨ all какой свап лучше кроме круш кара
[2026-02-16 16:05:49] Ⓛ <12231> [Глава] MRSashaTop2 ⇨ оооо кеуу
[2026-02-16 16:05:53] Ⓛ <12231> [Глава] MRSashaTop2 ⇨ ку
[2026-02-16 16:05:57] Ⓛ <huyok> [Глава] ebaniiac 0iq ⇨ qq
[2026-02-16 16:06:00] Ⓛ <12231> [Глава] MRSashaTop2 ⇨ помнишь?
[2026-02-16 16:06:09] Ⓛ <12231> [Глава] MRSashaTop2 ⇨ новерький
[2026-02-16 16:06:14] ╔══════════════════════════════════
║ > ❤ Игрок никскрыт купил 1 СУПЕР Кейс с Донатом
║ > Проверь свою удачу у нас!
║ > Покупай и ты на сайте shop.SpookyTime.net
╚══════════════════════════════════
[2026-02-16 16:06:17] Ⓛ <huyok> [Глава] ebaniiac 0iq ⇨ ч*о
[2026-02-16 16:06:25] Ⓛ <huie> [Титан] Progassitop Ауе ⇨ мы тим
[2026-02-16 16:06:31] Ⓛ <sham> [Глава] tylak6066 ⇨ t
[2026-02-16 16:06:42] Ⓛ <huie> [Титан] Progassitop Ауе ⇨ я тим с ним
[2026-02-16 16:06:53] ╔
[2026-02-16 16:06:53] ╠ Хочешь получать бонусы и БЕСПЛАТНЫЕ ТОКЕНЫ?
[2026-02-16 16:06:53] ╠ Подпишись на мой вк! Лайк на последний пост!
[2026-02-16 16:06:53] ╠ Ссылка на ВКонтакте: vk.com/kol_kola
[2026-02-16 16:06:53] ╚
[2026-02-16 16:07:03] Ⓛ <huie> [Титан] Progassitop Ауе ⇨ ко вместе на ивенты
[2026-02-16 16:07:10] Ⓛ <huie> [Титан] Progassitop Ауе ⇨ хахах
[2026-02-16 16:07:10] Ⓛ <12231> [Глава] MRSashaTop1 ⇨ м
[2026-02-16 16:07:34] [✾] Успешная авторизация! Приятной игры!
[2026-02-16 16:07:34] ╔════ ★ SpookyTime.net ★ ════╗
║ 
║  Добро пожаловать на SpookyTime
║  Наши социальные сети — /links
║  Приятной игры и новых побед!
║ 
╚══════════════════════╝
[2026-02-16 16:07:36] Уже подключаемся на этот сервер!
[2026-02-16 16:07:37] ** ! Внимание !
** Чтобы ваш Аккаунт был в БЕЗОПАСНОСТИ!
** Привяжите его к ВК: /vk
** Или к Телеграм: /tg

** ! Внимание !
** Чтобы ваш Аккаунт был в БЕЗОПАСНОСТИ!
** Привяжите его к ВК: /vk
** Или к Телеграм: /tg
[2026-02-16 16:07:41] Ⓛ <huie> [Титан] Progassitop Ауе ⇨ жаль что воиса нету
[2026-02-16 16:07:48] Ⓛ <huie> [Титан] Progassitop Ауе ⇨ а тел есть
[2026-02-16 16:07:49] [mullaxul1] ку
[2026-02-16 16:07:49] [Bot -> mullaxul1] ✅ Ник принят: ky

Выдать 1,000,000 валюты?
Да / !change
[2026-02-16 16:08:07] Ⓖ [Игрок] gomahaa5 ⇨ Талисман Крушителя первому кто успеет написать ввв тг brok179
[2026-02-16 16:08:25] [mullaxul1] !change
[2026-02-16 16:08:25] [Bot -> mullaxul1] 🔄 Хорошо, давайте сменим ник. Напишите новый ник:
[2026-02-16 16:08:33] Ⓖ <huyok> [Глава] ebaniiac 0iq ⇨ all какой свап лучше кроме круш кара
[2026-02-16 16:08:37] [mullaxul1] zeroanal
[2026-02-16 16:08:37] [Bot -> mullaxul1] ✅ Ник принят: zeroanal

Выдать 1,000,000 валюты?
Да / !change
[2026-02-16 16:08:40] ╔═════════════════════════════
║ > ❤ Игрок никскрыт купил 10.000 Токенов
║ > Покупай и ты на сайте shop.SpookyTime.net
╚═════════════════════════════
[2026-02-16 16:08:41] [mullaxul1] да
[2026-02-16 16:08:41] ⚡ Игрок не найден
[2026-02-16 16:08:41] [Bot -> mullaxul1] ⏳ Сервер пишет "Игрок не найден". Попытка 1/5. Зайдите на Anarchy 401! Проверю через 20 сек...
[2026-02-16 16:08:53] ╔
[2026-02-16 16:08:53] ╠                  !!! ВАЖНО !!!
[2026-02-16 16:08:53] ╠ Получите 2,000 Токенов за привязку к
[2026-02-16 16:08:53] ╠ ВКонтакте и Телеграму!
[2026-02-16 16:08:53] ╠
[2026-02-16 16:08:53] ╠ Подробнее: /tg (Привязка к ТГ)
[2026-02-16 16:08:53] ╠ Подробнее: /vk (Привязка к ВК)
[2026-02-16 16:08:53] ╚
[2026-02-16 16:09:01] ⚡ Игрок не найден
[2026-02-16 16:09:01] [Bot -> mullaxul1] ⏳ Сервер пишет "Игрок не найден". Попытка 2/5. Зайдите на Anarchy 401! Проверю через 20 сек...
[2026-02-16 16:09:23] ⚡ Игрок не найден
[2026-02-16 16:09:23] [Bot -> mullaxul1] ⏳ Сервер пишет "Игрок не найден". Попытка 3/5. Зайдите на Anarchy 401! Проверю через 20 сек...
[2026-02-16 16:09:43] ⚡ Игрок не найден
[2026-02-16 16:09:43] [Bot -> mullaxul1] ⏳ Сервер пишет "Игрок не найден". Попытка 4/5. Зайдите на Anarchy 401! Проверю через 20 сек...
[2026-02-16 16:10:03] ⚡ Игрок не найден
[2026-02-16 16:10:03] [Bot -> mullaxul1] ❌ Игрок не найден на сервере после 5 попыток. Пожалуйста, проверьте ник и зайдите на Anarchy 401.
[2026-02-16 16:10:03] [mullaxul1] !change
[2026-02-16 16:10:03] [Bot -> mullaxul1] 🔄 Хорошо, давайте сменим ник. Напишите новый ник:
[2026-02-16 16:10:53] ╔
[2026-02-16 16:10:53] ╠ У нас очень часто проходят конкурсы
[2026-02-16 16:10:53] ╠ Список актуальных конкурсов можно посмотреть:
[2026-02-16 16:10:53] ╠ Вводи команду /конкурсы
[2026-02-16 16:10:53] ╚
[2026-02-16 16:12:05] ╔═════════════════════════════
║ > ❤ Игрок никскрыт купил 10.000 Токенов
║ > Покупай и ты на сайте shop.SpookyTime.net
╚═════════════════════════════
[2026-02-16 16:12:53] ╔
[2026-02-16 16:12:53] ╠ У нас можно забрать БЕСПЛАТНЫЕ ТОКЕНЫ!
[2026-02-16 16:12:53] ╠ Подробная информация /tokens
[2026-02-16 16:12:53] ╚
[2026-02-16 16:14:20] ╔══════════════════════════════════
║ > ❤ Игрок никскрыт купил Элита + 30.000 ТК
║ > Теперь он стал намного круче! :)
║ > Покупай и ты на сайте shop.SpookyTime.net
╚══════════════════════════════════
[2026-02-16 16:14:53] ╔
[2026-02-16 16:14:53] ╠                  !!! ВАЖНО !!!
[2026-02-16 16:14:53] ╠ Получите 2,000 Токенов за привязку к
[2026-02-16 16:14:53] ╠ ВКонтакте и Телеграму!
[2026-02-16 16:14:53] ╠
[2026-02-16 16:14:53] ╠ Подробнее: /tg (Привязка к ТГ)
[2026-02-16 16:14:53] ╠ Подробнее: /vk (Привязка к ВК)
[2026-02-16 16:14:53] ╚
[2026-02-16 16:14:58] Ⓛ [Глава] MARTIN_ROSE7 ⇨ go kv
[2026-02-16 16:15:12] Ⓛ <ABC> [Игрок] koger Дура ⇨ da che
[2026-02-16 16:15:19] ╔══╦══╦══╦══╦══╦══╦══╦══╗
 ║
 ║      |||   [Адская резня]   |||
 ║    Портал активируется через 3 минуты!
 ║    Телепортация: /warp portal
 ║
 ╚══╩══╩══╩══╩══╩══╩══╩══╝
[2026-02-16 16:15:23] Ⓛ <ABC> [Игрок] koger Дура ⇨ ia stou prosto LOL
[2026-02-16 16:15:29] Ⓛ [Глава] MARTIN_ROSE7 ⇨ Hy da
[2026-02-16 16:15:33] Ⓛ [Глава] MARTIN_ROSE7 ⇨ go duel
[2026-02-16 16:15:35] Ⓛ <ABC> [Игрок] koger Дура ⇨ hu da
[2026-02-16 16:15:52] Ⓛ <ABC> [Игрок] koger Дура ⇨ kto tiim
[2026-02-16 16:16:02] ╔══════════════════════════════════
║ > ❤ Игрок никскрыт купил 1 СУПЕР Кейс с Донатом
║ > Проверь свою удачу у нас!
║ > Покупай и ты на сайте shop.SpookyTime.net
╚══════════════════════════════════
[2026-02-16 16:16:05] Ⓖ [Игрок] anim4ik3322 ⇨ уважаемые игроки spookytime идёт набор в мой клан от 12 лет по дс (у кого мут дс kwizyyyt)
[2026-02-16 16:16:28] Ⓖ [Игрок] gomahaa2 ⇨ Талисман Крушителя первому кто успеет написать ввв тг brok179
[2026-02-16 16:16:41] Ⓖ [Игрок] anim4ik3322 ⇨ уважаемые игроки spookytime идёт набор в мой клан от 12 лет по дс (у кого мут дс kwizyyyt)
[2026-02-16 16:16:53] ╔
[2026-02-16 16:16:53] ╠ Через нашего Телеграм Бота можно узнать:
[2026-02-16 16:16:53] ╠ /mines - список авто-шахт на всех анархиях
[2026-02-16 16:16:53] ╠ /events - список ивентов на всех анархиях
[2026-02-16 16:16:53] ╠ /beacons - список загадочных маяков на всех анархиях
[2026-02-16 16:16:53] ╠ И многое другое, что сделает игру ещё комфортнее
[2026-02-16 16:16:53] ╠ Ссылка: telegram.me/spookytimebot
[2026-02-16 16:16:53] ╚
[2026-02-16 16:17:08] Ⓛ <ABC> [Игрок] koger Дура ⇨ ??
[2026-02-16 16:17:12] Ⓛ [Глава] leha77535 ⇨ дай тал
[2026-02-16 16:17:15] Ⓛ <ABC> [Игрок] koger Дура ⇨ net
[2026-02-16 16:17:20] Ⓛ [Глава] leha77535 ⇨ или пропиши /ci 2 раза
[2026-02-16 16:17:22] Ⓛ <ABC> [Игрок] koger Дура ⇨ moi?
[2026-02-16 16:17:25] Ⓛ <ABC> [Игрок] koger Дура ⇨ net
[2026-02-16 16:17:33] Ⓛ <ABC> [Игрок] koger Дура ⇨ nishii
[2026-02-16 16:17:37] Ⓛ [Глава] leha77535 ⇨ hahahaha
[2026-02-16 16:17:40] Ⓛ [Глава] prezzzidentt Ауе ⇨ чай
[2026-02-16 16:17:45] Ⓛ <ABC> [Игрок] koger Дура ⇨ ia ne povedis e***n
[2026-02-16 16:18:00] ╔═════════════════════════════
║ > ❤ Игрок никскрыт купил 10.000 Токенов
║ > Покупай и ты на сайте shop.SpookyTime.net
╚═════════════════════════════
[2026-02-16 16:18:07] Ⓛ [Глава] leha77535 ⇨ y meny 100kk na balice
[2026-02-16 16:18:13] Ⓛ <ABC> [Игрок] koger Дура ⇨ i che?
[2026-02-16 16:18:17] Ⓛ [Глава] leha77535 ⇨ hfhfh
[2026-02-16 16:18:19] ╔══╦══╦══╦══╦══╦══╦══╦══╗
 ║
 ║      |||   [Адская резня]   |||
 ║    Портал на резню активирован!
 ║    Телепортация: /warp portal
 ║
 ╚══╩══╩══╩══╩══╩══╩══╩══╝
[2026-02-16 16:18:53] ╔
[2026-02-16 16:18:53] ╠                  !!! ВАЖНО !!!
[2026-02-16 16:18:53] ╠ Получите 2,000 Токенов за привязку к
[2026-02-16 16:18:53] ╠ ВКонтакте и Телеграму!
[2026-02-16 16:18:53] ╠
[2026-02-16 16:18:53] ╠ Подробнее: /tg (Привязка к ТГ)
[2026-02-16 16:18:53] ╠ Подробнее: /vk (Привязка к ВК)
[2026-02-16 16:18:53] ╚
[2026-02-16 16:19:03] ╔══════════════════════════════════
║ > ❤ Игрок никскрыт купил 500.000 Токенов
║ > Потратить их можно в /tshop!
║ > Покупай и ты на сайте shop.SpookyTime.net
╚══════════════════════════════════
[2026-02-16 16:20:53] ╔
[2026-02-16 16:20:53] ╠       ! НАБОР В КОМАНДУ ПРОЕКТА !
[2026-02-16 16:20:53] ╠ Открыт зимний набор в Команду Проекта
[2026-02-16 16:20:53] ╠ Давай бороться с читерами вместе!
[2026-02-16 16:20:53] ╠ Подавай заявку и ты: vk.cc/cCSS5u
[2026-02-16 16:20:53] ╚
[2026-02-16 16:22:53] ╔
[2026-02-16 16:22:53] ╠          ! ГОЛОСОВОЙ ЧАТ !
[2026-02-16 16:22:53] ╠ Теперь на сервере можно говорить!
[2026-02-16 16:22:53] ╠ Подробная информация /voice
[2026-02-16 16:22:53] ╚
[2026-02-16 16:23:32] Ⓛ [Глава] banan259 ⇨ го трейд
[2026-02-16 16:24:02] ✞ zxc_afish покинул игру во время PvP и был убит.
[2026-02-16 16:24:08] ╔═════════════════════════════
║ > ❤ Игрок никскрыт купил 10.000 Токенов
║ > Покупай и ты на сайте shop.SpookyTime.net
╚═════════════════════════════
[2026-02-16 16:24:29] Ⓛ <sham> [Глава] tylak6066 ⇨ t
[2026-02-16 16:24:53] ╔
[2026-02-16 16:24:53] ╠    ! НОВАЯ МЕТА ХАЛЯВЫ !
[2026-02-16 16:24:53] ╠ Топовые ежедневные награды!
[2026-02-16 16:24:53] ╠ Подробная информация /daily
[2026-02-16 16:24:53] ╚
[2026-02-16 16:25:04] ╔══════════════════════════════════
║ > ❤ Игрок никскрыт купил 1 СУПЕР Кейс с Донатом
║ > Проверь свою удачу у нас!
║ > Покупай и ты на сайте shop.SpookyTime.net
╚══════════════════════════════════
[2026-02-16 16:25:57] Ⓛ <ABC> [Игрок] koger Дура ⇨ daite 2
[2026-02-16 16:26:53] ╔
[2026-02-16 16:26:53] ╠                  !!! ВАЖНО !!!
[2026-02-16 16:26:53] ╠ Получите 2,000 Токенов за привязку к
[2026-02-16 16:26:53] ╠ ВКонтакте и Телеграму!
[2026-02-16 16:26:53] ╠
[2026-02-16 16:26:53] ╠ Подробнее: /tg (Привязка к ТГ)
[2026-02-16 16:26:53] ╠ Подробнее: /vk (Привязка к ВК)
[2026-02-16 16:26:53] ╚
[2026-02-16 16:28:19] Ⓛ [Глава] son1234587 ⇨ *ah
[2026-02-16 16:28:34] [✾] Успешная авторизация! Приятной игры!
[2026-02-16 16:28:34] ╔════ ★ SpookyTime.net ★ ════╗
║ 
║  Добро пожаловать на SpookyTime
║  Наши социальные сети — /links
║  Приятной игры и новых побед!
║ 
╚══════════════════════╝
[2026-02-16 16:28:36] Уже подключаемся на этот сервер!
[2026-02-16 16:28:37] ** ! Внимание !
** Чтобы ваш Аккаунт был в БЕЗОПАСНОСТИ!
** Привяжите его к ВК: /vk
** Или к Телеграм: /tg

** ! Внимание !
** Чтобы ваш Аккаунт был в БЕЗОПАСНОСТИ!
** Привяжите его к ВК: /vk
** Или к Телеграм: /tg
[2026-02-16 16:28:53] ╔
[2026-02-16 16:28:53] ╠ Хочешь узнавать новости от SpookyCat первым?
[2026-02-16 16:28:53] ╠ Зайдите в мой тг! И следите за новостями!
[2026-02-16 16:28:53] ╠ Ссылка на Телеграм: t.me/SpookyCatTG
[2026-02-16 16:28:53] ╚
[2026-02-16 16:29:02] [mullaxul1] .
[2026-02-16 16:29:02] [Bot -> mullaxul1] ❌ Произошла ошибка: ❌ Ошибка: Ник слишком короткий (минимум 3 символа)
Пожалуйста, убедитесь, что ник написан корректно и попробуйте еще раз.
[2026-02-16 16:29:43] ╔══════════════════════════════════
║ > ❤ Игрок никскрыт купил 1 СУПЕР Кейс с Донатом
║ > Проверь свою удачу у нас!
║ > Покупай и ты на сайте shop.SpookyTime.net
╚══════════════════════════════════
[2026-02-16 16:33:00] [✾] Успешная авторизация! Приятной игры!
[2026-02-16 16:33:00] ╔════ ★ SpookyTime.net ★ ════╗
║ 
║  Добро пожаловать на SpookyTime
║  Наши социальные сети — /links
║  Приятной игры и новых побед!
║ 
╚══════════════════════╝
[2026-02-16 16:33:02] Уже подключаемся на этот сервер!
[2026-02-16 16:33:03] ** ! Внимание !
** Чтобы ваш Аккаунт был в БЕЗОПАСНОСТИ!
** Привяжите его к ВК: /vk
** Или к Телеграм: /tg

** ! Внимание !
** Чтобы ваш Аккаунт был в БЕЗОПАСНОСТИ!
** Привяжите его к ВК: /vk
** Или к Телеграм: /tg
[2026-02-16 16:33:21] ╔══╦══╦══╦══╦══╦══╦══╦══╗
 ║
 ║      |||   [Сундуки Смерти]   |||
 ║    Уровень лута: Обычный
 ║    Появятся уже через 3 минуты!
 ║
 ╚══╩══╩══╩══╩══╩══╩══╩══╝
[2026-02-16 16:37:49] [Bot -> TestUserDB] 👋 Я снова в сети! Ваш заказ #TEST-DB-001 в обработке.

📍 Напоминаю: вы должны быть на режиме "Anarchy 401".
Пожалуйста, введите ваш ник в Minecraft:
[2026-02-16 16:37:49] [Bot -> mullaxul1] 👋 Я снова в сети! Ваш заказ #TEST123456 в обработке.

📍 Напоминаю: вы должны быть на режиме "Anarchy 401".
Выдаем на ник: **zeroanal**? (Да/!change)
[2026-02-16 16:37:50] [✾] Успешная авторизация! Приятной игры!
[2026-02-16 16:37:50] ╔════ ★ SpookyTime.net ★ ════╗
║ 
║  Добро пожаловать на SpookyTime
║  Наши социальные сети — /links
║  Приятной игры и новых побед!
║ 
╚══════════════════════╝
[2026-02-16 16:37:52] Уже подключаемся на этот сервер!
[2026-02-16 16:37:53] ** ! Внимание !
** Чтобы ваш Аккаунт был в БЕЗОПАСНОСТИ!
** Привяжите его к ВК: /vk
** Или к Телеграм: /tg

** ! Внимание !
** Чтобы ваш Аккаунт был в БЕЗОПАСНОСТИ!
** Привяжите его к ВК: /vk
** Или к Телеграм: /tg
[2026-02-16 16:38:50] [mullaxul1] нет
[2026-02-16 16:38:50] [Bot -> mullaxul1] ✅ Ник установлен: HeT

💵 Сумма к выдаче: 1,000,000

📍 ВАЖНО: Зайдите на режим "Anarchy 401" для получения.

Всё верно? Напишите "Да" для подтверждения или "!change", чтобы изменить ник.
[2026-02-16 16:38:53] ╔
[2026-02-16 16:38:53] ╠ У нас очень часто проходят конкурсы
[2026-02-16 16:38:53] ╠ Список актуальных конкурсов можно посмотреть:
[2026-02-16 16:38:53] ╠ Вводи команду /конкурсы
[2026-02-16 16:38:53] ╚
[2026-02-16 16:39:10] ╔══════════════════════════════════
║ > ❤ Игрок никскрыт купил 1 СУПЕР Кейс с Донатом
║ > Проверь свою удачу у нас!
║ > Покупай и ты на сайте shop.SpookyTime.net
╚══════════════════════════════════
[2026-02-16 16:39:10] [mullaxul1] нет
[2026-02-16 16:39:10] [Bot -> mullaxul1] 🔄 Сброс ника выполнен. Пожалуйста, введите правильный ник:
[2026-02-16 16:40:18] [Bot -> TestUserDB] 👋 Я снова в сети! Ваш заказ #TEST-DB-001 в обработке.

📍 Напоминаю: вы должны быть на режиме "Anarchy 401".
Пожалуйста, введите ваш ник в Minecraft:
[2026-02-16 16:40:18] [Bot -> mullaxul1] 👋 Я снова в сети! Ваш заказ #TEST123456 в обработке.

📍 Напоминаю: вы должны быть на режиме "Anarchy 401".
Выдаем на ник: **HeT**? (Да/!change)
[2026-02-16 16:40:19] [✾] Успешная авторизация! Приятной игры!
[2026-02-16 16:40:19] ╔════ ★ SpookyTime.net ★ ════╗
║ 
║  Добро пожаловать на SpookyTime
║  Наши социальные сети — /links
║  Приятной игры и новых побед!
║ 
╚══════════════════════╝
[2026-02-16 16:40:21] Уже подключаемся на этот сервер!
[2026-02-16 16:40:22] ** ! Внимание !
** Чтобы ваш Аккаунт был в БЕЗОПАСНОСТИ!
** Привяжите его к ВК: /vk
** Или к Телеграм: /tg

** ! Внимание !
** Чтобы ваш Аккаунт был в БЕЗОПАСНОСТИ!
** Привяжите его к ВК: /vk
** Или к Телеграм: /tg
[2026-02-16 16:40:34] [mullaxul1] нет
[2026-02-16 16:40:34] [Bot -> mullaxul1] 🔄 Сброс ника выполнен. Пожалуйста, введите правильный ник:
[2026-02-16 16:40:46] [mullaxul1] mullaxul1
[2026-02-16 16:40:46] [Bot -> mullaxul1] ✅ Ник установлен: mullaxul1

💵 Сумма к выдаче: 1,000,000

📍 ВАЖНО: Зайдите на режим "Anarchy 401" для получения.

Всё верно? Напишите "Да" для подтверждения или "!change", чтобы изменить ник.
[2026-02-16 16:40:53] ╔
[2026-02-16 16:40:53] ╠                  !!! ВАЖНО !!!
[2026-02-16 16:40:53] ╠ Получите 2,000 Токенов за привязку к
[2026-02-16 16:40:53] ╠ ВКонтакте и Телеграму!
[2026-02-16 16:40:53] ╠
[2026-02-16 16:40:53] ╠ Подробнее: /tg (Привязка к ТГ)
[2026-02-16 16:40:53] ╠ Подробнее: /vk (Привязка к ВК)
[2026-02-16 16:40:53] ╚
[2026-02-16 16:40:54] [mullaxul1] !refund
[2026-02-16 16:40:54] [Bot -> mullaxul1] ⚠️ Для продолжения мне нужен четкий ответ.
Пожалуйста, напишите "Да" (для подтверждения) или "!change" (для смены ника).
[2026-02-16 16:42:53] ╔
[2026-02-16 16:42:53] ╠ Через нашего Телеграм Бота можно узнать:
[2026-02-16 16:42:53] ╠ /mines - список авто-шахт на всех анархиях
[2026-02-16 16:42:53] ╠ /events - список ивентов на всех анархиях
[2026-02-16 16:42:53] ╠ /beacons - список загадочных маяков на всех анархиях
[2026-02-16 16:42:53] ╠ И многое другое, что сделает игру ещё комфортнее
[2026-02-16 16:42:53] ╠ Ссылка: telegram.me/spookytimebot
[2026-02-16 16:42:53] ╚
[2026-02-16 16:44:25] Ⓖ <XDD> [Глава] bilkamobilka ⇨ куплю корды баз
[2026-02-16 16:44:39] Ⓖ <XDD> [Глава] bilkamobilka ⇨ кто тим по вк с алмой
[2026-02-16 16:44:53] ╔
[2026-02-16 16:44:53] ╠          ! ГОЛОСОВОЙ ЧАТ !
[2026-02-16 16:44:53] ╠ Теперь на сервере можно говорить!
[2026-02-16 16:44:53] ╠ Подробная информация /voice
[2026-02-16 16:44:53] ╚
[2026-02-16 16:46:06] Ⓖ <XDD> [Глава] bilkamobilka ⇨ кто тим по вк с алмой
[2026-02-16 16:46:32] ╔══════════════════════════════════
║ > ❤ Игрок никскрыт купил 1 СУПЕР Кейс с Донатом
║ > Проверь свою удачу у нас!
║ > Покупай и ты на сайте shop.SpookyTime.net
╚══════════════════════════════════
[2026-02-16 16:46:53] ╔
[2026-02-16 16:46:53] ╠    ! НОВАЯ МЕТА ХАЛЯВЫ !
[2026-02-16 16:46:53] ╠ Топовые ежедневные награды!
[2026-02-16 16:46:53] ╠ Подробная информация /daily
[2026-02-16 16:46:53] ╚
[2026-02-16 16:47:08] [Bot -> TestUserDB] 👋 Я снова в сети! Ваш заказ #TEST-DB-001 в обработке.

📍 Напоминаю: вы должны быть на режиме "Anarchy 401".
Пожалуйста, введите ваш ник в Minecraft:
[2026-02-16 16:47:08] [Bot -> mullaxul1] 👋 Я снова в сети! Ваш заказ #TEST123456 в обработке.

📍 Напоминаю: вы должны быть на режиме "Anarchy 401".
Выдаем на ник: **mullaxul1**? (Да/!change)
[2026-02-16 16:47:09] [✾] Успешная авторизация! Приятной игры!
[2026-02-16 16:47:09] ╔════ ★ SpookyTime.net ★ ════╗
║ 
║  Добро пожаловать на SpookyTime
║  Наши социальные сети — /links
║  Приятной игры и новых побед!
║ 
╚══════════════════════╝
[2026-02-16 16:47:11] ⚡ Наша группа ВК vk.com/spookytimenet
[2026-02-16 16:47:12] Уже подключаемся на этот сервер!
[2026-02-16 16:47:12] ** ! Внимание !
** Чтобы ваш Аккаунт был в БЕЗОПАСНОСТИ!
** Привяжите его к ВК: /vk
** Или к Телеграм: /tg

** ! Внимание !
** Чтобы ваш Аккаунт был в БЕЗОПАСНОСТИ!
** Привяжите его к ВК: /vk
** Или к Телеграм: /tg
[2026-02-16 16:47:26] [mullaxul1] да
[2026-02-16 16:47:26] [⟲] Введите команду повторно,
[2026-02-16 16:47:26] чтобы отправить деньги: /pay mullaxul1 1,000,000
[2026-02-16 16:47:26] ⚡ У вас недостаточно денег.
[2026-02-16 16:47:31] [Bot -> mullaxul1] ⏳ Сервер сообщает: "Игрок не найден". Попытка 1/5.

📍 ВАЖНО: Вы должны находиться на сервере SpookyTime, режим Anarchy 401.
Если вы уже там — подождите немного, я проверяю каждые 20 секунд.

🐦 ZeroCardinal
[2026-02-16 16:47:51] ⚡ У вас недостаточно денег.
[2026-02-16 16:47:56] [Bot -> mullaxul1] ⏳ Сервер сообщает: "Игрок не найден". Попытка 2/5.

📍 ВАЖНО: Вы должны находиться на сервере SpookyTime, режим Anarchy 401.
Если вы уже там — подождите немного, я проверяю каждые 20 секунд.

🐦 ZeroCardinal
[2026-02-16 16:48:17] ⚡ У вас недостаточно денег.
[2026-02-16 16:48:22] [Bot -> mullaxul1] ⏳ Сервер сообщает: "Игрок не найден". Попытка 3/5.

📍 ВАЖНО: Вы должны находиться на сервере SpookyTime, режим Anarchy 401.
Если вы уже там — подождите немного, я проверяю каждые 20 секунд.

🐦 ZeroCardinal
[2026-02-16 16:48:42] ⚡ У вас недостаточно денег.
[2026-02-16 16:48:47] [Bot -> mullaxul1] ⏳ Сервер сообщает: "Игрок не найден". Попытка 4/5.

📍 ВАЖНО: Вы должны находиться на сервере SpookyTime, режим Anarchy 401.
Если вы уже там — подождите немного, я проверяю каждые 20 секунд.

🐦 ZeroCardinal
[2026-02-16 16:48:53] ╔
[2026-02-16 16:48:53] ╠                  !!! ВАЖНО !!!
[2026-02-16 16:48:53] ╠ Получите 2,000 Токенов за привязку к
[2026-02-16 16:48:53] ╠ ВКонтакте и Телеграму!
[2026-02-16 16:48:53] ╠
[2026-02-16 16:48:53] ╠ Подробнее: /tg (Привязка к ТГ)
[2026-02-16 16:48:53] ╠ Подробнее: /vk (Привязка к ВК)
[2026-02-16 16:48:53] ╚
[2026-02-16 16:49:07] ⚡ У вас недостаточно денег.
[2026-02-16 16:49:12] [Bot -> mullaxul1] ❌ К сожалению, за 5 попыток мне не удалось найти вас на сервере.

Пожалуйста, убедитесь, что вы зашли именно на Anarchy 401 и ввели правильный ник. Я временно вернул вас на этап ввода ника, чтобы вы могли его проверить или изменить.
[2026-02-16 16:50:05] ╔══════════════════════════════════
║ > ❤ Игрок никскрыт купил 1 СУПЕР Кейс с Донатом
║ > Проверь свою удачу у нас!
║ > Покупай и ты на сайте shop.SpookyTime.net
╚══════════════════════════════════
[2026-02-16 16:50:46] [Bot -> TestUserDB] 👋 Я снова в сети! Ваш заказ #TEST-DB-001 в обработке.

📍 Напоминаю: вы должны быть на режиме "Anarchy 401".
Пожалуйста, введите ваш ник в Minecraft:
[2026-02-16 16:50:46] [Bot -> mullaxul1] 👋 Я снова в сети! Ваш заказ #TEST123456 в обработке.

📍 Напоминаю: вы должны быть на режиме "Anarchy 401".
Выдаем на ник: **mullaxul1**? (Да/Нет)
[2026-02-16 16:50:48] [✾] Успешная авторизация! Приятной игры!
[2026-02-16 16:50:48] ╔════ ★ SpookyTime.net ★ ════╗
║ 
║  Добро пожаловать на SpookyTime
║  Наши социальные сети — /links
║  Приятной игры и новых побед!
║ 
╚══════════════════════╝
[2026-02-16 16:50:50] Уже подключаемся на этот сервер!
[2026-02-16 16:50:51] ** ! Внимание !
** Чтобы ваш Аккаунт был в БЕЗОПАСНОСТИ!
** Привяжите его к ВК: /vk
** Или к Телеграм: /tg

** ! Внимание !
** Чтобы ваш Аккаунт был в БЕЗОПАСНОСТИ!
** Привяжите его к ВК: /vk
** Или к Телеграм: /tg
[2026-02-16 16:50:53] ╔
[2026-02-16 16:50:53] ╠       ! НАБОР В КОМАНДУ ПРОЕКТА !
[2026-02-16 16:50:53] ╠ Открыт зимний набор в Команду Проекта
[2026-02-16 16:50:53] ╠ Давай бороться с читерами вместе!
[2026-02-16 16:50:53] ╠ Подавай заявку и ты: vk.cc/cCSS5u
[2026-02-16 16:50:53] ╚
[2026-02-16 16:50:58] [mullaxul1] да
[2026-02-16 16:50:58] [Bot -> mullaxul1] ❌ Произошла ошибка: ❌ Ошибка: Ник должен быть на английском! (Обнаружены русские буквы)
Пожалуйста, убедитесь, что ник написан корректно и попробуйте еще раз.
[2026-02-16 16:51:13] ╔══════════════════════════════════
║ > ❤ Игрок никскрыт купил 1 СУПЕР Кейс с Донатом
║ > Проверь свою удачу у нас!
║ > Покупай и ты на сайте shop.SpookyTime.net
╚══════════════════════════════════
[2026-02-16 16:51:23] ╔══╦══╦══╦══╦══╦══╦══╦══╗
 ║
 ║      |||   [Адская резня]   |||
 ║    Портал активируется через 3 минуты!
 ║    Телепортация: /warp portal
 ║
 ╚══╩══╩══╩══╩══╩══╩══╩══╝
[2026-02-16 16:52:00] [Bot -> TestUserDB] 👋 Я снова в сети! Ваш заказ #TEST-DB-001 в обработке.

📍 Напоминаю: вы должны быть на режиме "Anarchy 401".
Пожалуйста, введите ваш ник в Minecraft:
[2026-02-16 16:52:00] [Bot -> mullaxul1] 👋 Я снова в сети! Ваш заказ #TEST123456 в обработке.

📍 Напоминаю: вы должны быть на режиме "Anarchy 401".
Выдаем на ник: **mullaxul1**? (Да/Нет)
[2026-02-16 16:52:45] [✾] Успешная авторизация! Приятной игры!
[2026-02-16 16:52:46] ╔════ ★ SpookyTime.net ★ ════╗
║ 
║  Добро пожаловать на SpookyTime
║  Наши социальные сети — /links
║  Приятной игры и новых побед!
║ 
╚══════════════════════╝
[2026-02-16 16:52:46] [mullaxul1] да
[2026-02-16 16:52:46] [⚠] Данной команды не существует!
[2026-02-16 16:52:48] Уже подключаемся на этот сервер!
[2026-02-16 16:52:48] ** ! Внимание !
** Чтобы ваш Аккаунт был в БЕЗОПАСНОСТИ!
** Привяжите его к ВК: /vk
** Или к Телеграм: /tg

** ! Внимание !
** Чтобы ваш Аккаунт был в БЕЗОПАСНОСТИ!
** Привяжите его к ВК: /vk
** Или к Телеграм: /tg
[2026-02-16 16:52:51] [Bot -> mullaxul1] ⏳ Сервер сообщает: "Игрок не найден". Попытка 1/5.

📍 ВАЖНО: Вы должны находиться на сервере SpookyTime, режим Anarchy 401.
Если вы уже там — подождите немного, я проверяю каждые 20 секунд.
[2026-02-16 16:52:53] ╔
[2026-02-16 16:52:53] ╠ Проблема/Вопрос? - vk.com/kol_kola
[2026-02-16 16:52:53] ╚
[2026-02-16 16:53:11] [⟲] Введите команду повторно,
[2026-02-16 16:53:11] чтобы отправить деньги: /pay mullaxul1 1,000,000
[2026-02-16 16:53:11] ⚡ У вас недостаточно денег.
[2026-02-16 16:53:11] [Bot -> mullaxul1] ❌ К сожалению, у меня временно закончились средства для выдачи вашего заказа.

Я уже уведомил администратора, он скоро пополнит мой баланс. Пожалуйста, не закрывайте заказ, мы выдадим его при первой возможности!
[2026-02-16 16:53:12] [mullaxul1] !change
[2026-02-16 16:53:12] [Bot -> mullaxul1] 🔄 Хорошо, давайте исправим ошибку.
Пожалуйста, введите ваш новый игровой ник:
[2026-02-16 16:53:34] Ⓛ [Глава] CAT_118 ⇨ d
[2026-02-16 16:55:18] [✾] Успешная авторизация! Приятной игры!
[2026-02-16 16:55:18] ╔════ ★ SpookyTime.net ★ ════╗
║ 
║  Добро пожаловать на SpookyTime
║  Наши социальные сети — /links
║  Приятной игры и новых побед!
║ 
╚══════════════════════╝
[2026-02-16 16:55:20] Уже подключаемся на этот сервер!
[2026-02-16 16:55:21] ** ! Внимание !
** Чтобы ваш Аккаунт был в БЕЗОПАСНОСТИ!
** Привяжите его к ВК: /vk
** Или к Телеграм: /tg

** ! Внимание !
** Чтобы ваш Аккаунт был в БЕЗОПАСНОСТИ!
** Привяжите его к ВК: /vk
** Или к Телеграм: /tg
[2026-02-16 16:56:53] ╔
[2026-02-16 16:56:53] ╠          ! ГОЛОСОВОЙ ЧАТ !
[2026-02-16 16:56:53] ╠ Теперь на сервере можно говорить!
[2026-02-16 16:56:53] ╠ Подробная информация /voice
[2026-02-16 16:56:53] ╚
[2026-02-16 16:57:06] Ⓖ 〈Герой〉 kesha8 Нуб ⇨ all чек мой ах
[2026-02-16 16:58:12] [Bot -> mullaxul1] ⏰ Время ожидания ответа истекло.

Ваш заказ #TEST123456 был временно перемещен в конец очереди, чтобы не задерживать других покупателей. Как только вы вернетесь — мы продолжим!
[2026-02-16 16:58:12] [Bot -> mullaxul1] ✅ Информация о заказе #TEST123456 получена.

💰 Мы готовы выдать вам 1,000,000 валюты.
👤 Игровой ник: mullaxul1

📍 ВАЖНО: Вы должны находиться на режиме "Anarchy 401".

Вы подтверждаете правильность ника?
Напишите "Да" для начала выдачи или "Нет", если допустили ошибку.
[2026-02-16 16:59:01] [Bot -> TestUserDB] 👋 Я снова в сети! Ваш заказ #TEST-DB-001 в обработке.

📍 Напоминаю: вы должны быть на режиме "Anarchy 401".
Пожалуйста, введите ваш ник в Minecraft:
[2026-02-16 16:59:01] [Bot -> mullaxul1] 👋 Я снова в сети! Ваш заказ #TEST123456 в обработке.

📍 Напоминаю: вы должны быть на режиме "Anarchy 401".
Выдаем на ник: **mullaxul1**? (Да/Нет)
[2026-02-16 16:59:02] [✾] Успешная авторизация! Приятной игры!
[2026-02-16 16:59:03] ╔════ ★ SpookyTime.net ★ ════╗
║ 
║  Добро пожаловать на SpookyTime
║  Наши социальные сети — /links
║  Приятной игры и новых побед!
║ 
╚══════════════════════╝
[2026-02-16 16:59:05] Уже подключаемся на этот сервер!
[2026-02-16 16:59:05] ** ! Внимание !
** Чтобы ваш Аккаунт был в БЕЗОПАСНОСТИ!
** Привяжите его к ВК: /vk
** Или к Телеграм: /tg

** ! Внимание !
** Чтобы ваш Аккаунт был в БЕЗОПАСНОСТИ!
** Привяжите его к ВК: /vk
** Или к Телеграм: /tg
[2026-02-16 17:00:37] [Bot -> TestUserDB] 👋 Я снова в сети! Ваш заказ #TEST-DB-001 в обработке.

📍 Напоминаю: вы должны быть на режиме "Anarchy 401".
Пожалуйста, введите ваш ник в Minecraft:
[2026-02-16 17:00:37] [Bot -> mullaxul1] 👋 Я снова в сети! Ваш заказ #TEST123456 в обработке.

📍 Напоминаю: вы должны быть на режиме "Anarchy 401".
Выдаем на ник: **mullaxul1**? (Да/Нет)
[2026-02-16 17:00:38] [✾] Успешная авторизация! Приятной игры!
[2026-02-16 17:00:38] ╔════ ★ SpookyTime.net ★ ════╗
║ 
║  Добро пожаловать на SpookyTime
║  Наши социальные сети — /links
║  Приятной игры и новых побед!
║ 
╚══════════════════════╝
[2026-02-16 17:00:40] Уже подключаемся на этот сервер!
[2026-02-16 17:00:41] ** ! Внимание !
** Чтобы ваш Аккаунт был в БЕЗОПАСНОСТИ!
** Привяжите его к ВК: /vk
** Или к Телеграм: /tg

** ! Внимание !
** Чтобы ваш Аккаунт был в БЕЗОПАСНОСТИ!
** Привяжите его к ВК: /vk
** Или к Телеграм: /tg
[2026-02-16 17:00:53] ╔
[2026-02-16 17:00:53] ╠ НАШЛИ БАГ ИЛИ ДЮП? - vk.com/kol_kola
[2026-02-16 17:00:53] ╠ Пишите мне в ВКонтакте, БУДЕТ ТОПОВЫЙ ПРИЗ
[2026-02-16 17:00:53] ╚
[2026-02-16 17:01:33] [mullaxul1] да
[2026-02-16 17:02:36] Ⓖ <AK47> [Сквид] nikitaiukj ⇨ /home
[2026-02-16 17:02:53] ╔
[2026-02-16 17:02:53] ╠                  !!! ВАЖНО !!!
[2026-02-16 17:02:53] ╠ Получите 2,000 Токенов за привязку к
[2026-02-16 17:02:53] ╠ ВКонтакте и Телеграму!
[2026-02-16 17:02:53] ╠
[2026-02-16 17:02:53] ╠ Подробнее: /tg (Привязка к ТГ)
[2026-02-16 17:02:53] ╠ Подробнее: /vk (Привязка к ВК)
[2026-02-16 17:02:53] ╚
[2026-02-16 17:03:21] Ⓛ <Gribi> [Элита] nvrghxgs Бог ⇨ куплю норм сеты
[2026-02-16 17:04:53] ╔
[2026-02-16 17:04:53] ╠    ! НОВАЯ МЕТА ХАЛЯВЫ !
[2026-02-16 17:04:53] ╠ Топовые ежедневные награды!
[2026-02-16 17:04:53] ╠ Подробная информация /daily
[2026-02-16 17:04:53] ╚
[2026-02-16 17:06:50] [Bot -> mullaxul1] 👋 Я снова в сети! Ваш заказ #TEST123456 в обработке.

📍 Напоминаю: вы должны быть на режиме "Anarchy 401".
Выдаем на ник: **mullaxul1**? (Да/Нет)
[2026-02-16 17:06:51] [✾] Успешная авторизация! Приятной игры!
[2026-02-16 17:06:51] ╔════ ★ SpookyTime.net ★ ════╗
║ 
║  Добро пожаловать на SpookyTime
║  Наши социальные сети — /links
║  Приятной игры и новых побед!
║ 
╚══════════════════════╝
[2026-02-16 17:06:53] Уже подключаемся на этот сервер!
[2026-02-16 17:06:54] ** ! Внимание !
** Чтобы ваш Аккаунт был в БЕЗОПАСНОСТИ!
** Привяжите его к ВК: /vk
** Или к Телеграм: /tg

** ! Внимание !
** Чтобы ваш Аккаунт был в БЕЗОПАСНОСТИ!
** Привяжите его к ВК: /vk
** Или к Телеграм: /tg
[2026-02-16 17:07:25] Ⓛ <SlavAN> {Герой} gaefma111 Бог ⇨ дай тал круша
[2026-02-16 17:07:35] Ⓖ 〈Герой〉 kesha8 Нуб ⇨ АХАХАХХА СОФТА СЛИЛ
[2026-02-16 17:07:38] Ⓖ <Antis> [Элита] Noob_TL ЧСВ! ⇨ lev
[2026-02-16 17:07:43] Ⓖ [Игрок] 00beb1onuh Бог ⇨ красава
[2026-02-16 17:07:54] Ⓖ <Antis> [Элита] Noob_TL ЧСВ! ⇨ А меня софты 2х1 зажали
[2026-02-16 17:07:58] Ⓖ 〈Герой〉 kesha8 Нуб ⇨ б*я с него сфера не выпала
[2026-02-16 17:07:59] Ⓖ <Antis> [Элита] Noob_TL ЧСВ! ⇨ - сет в 7кк
[2026-02-16 17:08:12] Ⓖ 〈Герой〉 kesha8 Нуб ⇨ зато плюс меч и тотем
[2026-02-16 17:08:25] Ⓛ <SlavAN> {Герой} gaefma111 Бог ⇨ all топ ах
[2026-02-16 17:08:37] Ⓛ <SlavAN> {Герой} gaefma111 Бог ⇨ all топ ах
[2026-02-16 17:08:47] Ⓖ <SLIZ> [Барон] SasKe___ ⇨  all kupliu cordi bazi cena v ls
[2026-02-16 17:08:50] Ⓛ <SlavAN> {Герой} gaefma111 Бог ⇨ чек аук
[2026-02-16 17:08:53] ╔
[2026-02-16 17:08:53] ╠          ! ГОЛОСОВОЙ ЧАТ !
[2026-02-16 17:08:53] ╠ Теперь на сервере можно говорить!
[2026-02-16 17:08:53] ╠ Подробная информация /voice
[2026-02-16 17:08:53] ╚
[2026-02-16 17:09:05] Ⓛ <SlavAN> {Герой} gaefma111 Бог ⇨ чек аук
[2026-02-16 17:09:15] Ⓖ 〈Герой〉 kesha8 Нуб ⇨ б*я почему с типа сфера не выпала?
[2026-02-16 17:09:25] ╔══╦══╦══╦══╦══╦══╦══╦══╗
 ║
 ║      |||   [Сундуки Смерти]   |||
 ║    Уровень лута: Солидный
 ║    Появятся уже через 3 минуты!
 ║
 ╚══╩══╩══╩══╩══╩══╩══╩══╝
[2026-02-16 17:09:27] Ⓖ <chlen> [Игрок] arbuzniiiy ⇨ не выпадают
[2026-02-16 17:09:32] Ⓖ [Игрок] 00beb1onuh Бог ⇨ проклятье утраты
[2026-02-16 17:09:33] Ⓖ 〈Герой〉 kesha8 Нуб ⇨ а да?
[2026-02-16 17:09:44] Ⓖ 〈Герой〉 kesha8 Нуб ⇨ кста он был с бести
[2026-02-16 17:09:55] Ⓖ 〈Герой〉 kesha8 Нуб ⇨ и я его слил
[2026-02-16 17:10:19] Ⓖ [Игрок] 00beb1onuh Бог ⇨ есть у кого кожа 1
[2026-02-16 17:10:32] Ⓖ <SLIZ> [Барон] SasKe___ ⇨  all kupliu cordi bazi cena v ls
[2026-02-16 17:10:53] ╔
[2026-02-16 17:10:53] ╠                  !!! ВАЖНО !!!
[2026-02-16 17:10:53] ╠ Получите 2,000 Токенов за привязку к
[2026-02-16 17:10:53] ╠ ВКонтакте и Телеграму!
[2026-02-16 17:10:53] ╠
[2026-02-16 17:10:53] ╠ Подробнее: /tg (Привязка к ТГ)
[2026-02-16 17:10:53] ╠ Подробнее: /vk (Привязка к ВК)
[2026-02-16 17:10:53] ╚
[2026-02-16 17:13:08] [mullaxul1] да
[2026-02-16 17:13:13] [Bot -> mullaxul1] ⏳ Сервер сообщает: "Игрок не найден". Попытка 1/5.

📍 ВАЖНО: Вы должны находиться на сервере SpookyTime, режим Anarchy 401.
Если вы уже там — подождите немного, я проверяю каждые 20 секунд.
[2026-02-16 17:13:14] [✾] Успешная авторизация! Приятной игры!
[2026-02-16 17:13:14] ╔════ ★ SpookyTime.net ★ ════╗
║ 
║  Добро пожаловать на SpookyTime
║  Наши социальные сети — /links
║  Приятной игры и новых побед!
║ 
╚══════════════════════╝
[2026-02-16 17:13:16] Уже подключаемся на этот сервер!
[2026-02-16 17:13:17] ** ! Внимание !
** Чтобы ваш Аккаунт был в БЕЗОПАСНОСТИ!
** Привяжите его к ВК: /vk
** Или к Телеграм: /tg

** ! Внимание !
** Чтобы ваш Аккаунт был в БЕЗОПАСНОСТИ!
** Привяжите его к ВК: /vk
** Или к Телеграм: /tg
[2026-02-16 17:13:33] [⟲] Введите команду повторно,
[2026-02-16 17:13:33] чтобы отправить деньги: /pay mullaxul1 1,000,000
[2026-02-16 17:13:33] ⚡ У вас недостаточно денег.
[2026-02-16 17:13:33] [Bot -> mullaxul1] ❌ К сожалению, у меня временно закончились средства для выдачи вашего заказа.

Я уже уведомил администратора, он скоро пополнит мой баланс. Пожалуйста, не закрывайте заказ, мы выдадим его при первой возможности!
[2026-02-16 17:13:56] Ⓖ <123zf> [Страж] Alexstorm2024 ЧСВ! ⇨ a
[2026-02-16 17:23:15] [Bot -> mullaxul1] 👋 Я снова в сети! Ваш заказ #TEST123456 в обработке.

📍 Напоминаю: вы должны быть на режиме "Anarchy 401".
Выдаем на ник: **mullaxul1**? (Да/Нет)
[2026-02-16 17:23:17] [✾] Успешная авторизация! Приятной игры!
[2026-02-16 17:23:17] ╔════ ★ SpookyTime.net ★ ════╗
║ 
║  Добро пожаловать на SpookyTime
║  Наши социальные сети — /links
║  Приятной игры и новых побед!
║ 
╚══════════════════════╝
[2026-02-16 17:23:19] Уже подключаемся на этот сервер!
[2026-02-16 17:23:20] ** ! Внимание !
** Чтобы ваш Аккаунт был в БЕЗОПАСНОСТИ!
** Привяжите его к ВК: /vk
** Или к Телеграм: /tg

** ! Внимание !
** Чтобы ваш Аккаунт был в БЕЗОПАСНОСТИ!
** Привяжите его к ВК: /vk
** Или к Телеграм: /tg
[2026-02-16 17:23:56] [mullaxul1] да
[2026-02-16 17:23:56] [$] Ваш баланс: $10,000
[2026-02-16 17:23:56] [Bot -> mullaxul1] ❌ К сожалению, у меня временно закончились средства для выдачи вашего заказа.

Я уже уведомил администратора, он скоро пополнит мой баланс. Пожалуйста, не закрывайте заказ, мы выдадим его при первой возможности!
[2026-02-16 17:28:16] [Bot -> mullaxul1] 👋 Я снова в сети! Ваш заказ #TEST123456 в обработке.

📍 Напоминаю: вы должны быть на режиме "Anarchy 401".
Выдаем на ник: **mullaxul1**? (Да/Нет)
[2026-02-16 17:28:18] ➥ Идёт проверка, пожалуйста, подождите...
[2026-02-16 17:28:20] ➥ Идёт проверка, пожалуйста, подождите...
[2026-02-16 17:28:21] ➥ Идёт проверка, пожалуйста, подождите...
[2026-02-16 17:28:23] ➥ Идёт проверка, пожалуйста, подождите...
[2026-02-16 17:28:26] ➥ Идёт проверка, пожалуйста, подождите...
[2026-02-16 17:28:26] ➥ Идёт проверка, пожалуйста, подождите...
[2026-02-16 17:28:26] ➥ Вы успешно прошли проверку! :)
[2026-02-16 17:28:26] [✾] Войдите в игру ⇝ /login <Пароль>
[2026-02-16 17:28:27] [✾] Успешная авторизация! Приятной игры!
[2026-02-16 17:28:28] ╔════ ★ SpookyTime.net ★ ════╗
║ 
║  Добро пожаловать на SpookyTime
║  Наши социальные сети — /links
║  Приятной игры и новых побед!
║ 
╚══════════════════════╝
[2026-02-16 17:28:29] ⚡ Наш ДС сервер discord.gg/spookytime
[2026-02-16 17:28:30] Уже подключаемся на этот сервер!
[2026-02-16 17:28:30] ** ! Внимание !
** Чтобы ваш Аккаунт был в БЕЗОПАСНОСТИ!
** Привяжите его к ВК: /vk
** Или к Телеграм: /tg

** ! Внимание !
** Чтобы ваш Аккаунт был в БЕЗОПАСНОСТИ!
** Привяжите его к ВК: /vk
** Или к Телеграм: /tg
[2026-02-16 21:13:30] [Bot -> mullaxul1] 👋 Я снова в сети! Ваш заказ #TEST123456 в обработке.

📍 Напоминаю: вы должны быть на режиме "Anarchy 401".
Выдаем на ник: **mullaxul1**? (Да/Нет)
[2026-02-16 21:13:32] [Bot -> Intelark] ⏳ В данный момент я занят выдачей другого заказа.

Ваш заказ #TEST123 добавлен в лист ожидания.
📊 Ваша текущая позиция: #1

Не уходите далеко, я сообщу, когда наступит ваша очередь!
[2026-02-16 21:13:32] [BoostedNUMBER1] 📦 Я занимаюсь мгновенной автоматической выдачей товаров после оплаты.
💰 Чтобы начать, просто оплатите любой из наших лотов, и я сразу напишу вам здесь!

📊 Команды:
!status — Работает ли бот сейчас
!help — Показать список всех команд

🐦 ZeroCardinal
[2026-02-16 21:13:32] [Bot -> BoostedNUMBER1] 👋 Привет! Я — официальный бот ZeroCardinal.

📦 Я занимаюсь мгновенной автоматической выдачей товаров после оплаты.
💰 Чтобы начать, просто оплатите любой из наших лотов, и я сразу напишу вам здесь!

📊 Команды:
!status — Работает ли бот сейчас
!help — Показать список всех команд
[2026-02-16 21:13:32] [Bot -> BoostedNUMBER1] ✅ Ручной заказ #TEST123 для **Intelark** (1 кк) запущен!
[2026-02-16 21:13:32] [BoostedNUMBER1] 📦 Я занимаюсь мгновенной автоматической выдачей товаров после оплаты.
💰 Чтобы начать, просто оплатите любой из наших лотов, и я сразу напишу вам здесь!

📊 Команды:
!status — Работает ли бот сейчас
!help — Показать список всех команд

🐦 ZeroCardinal
[2026-02-16 21:13:32] [FunPay] Покупатель Intelark оплатил заказ #DDBNA9TY. Minecraft, Валюта, 🎃🔥Sᴘᴏᴏᴋʏᴛɪᴍᴇ🔥Цена за 1кк🔥Быстрая выдача🔥🎃, SpookyTime (цена за 1кк), 3 шт.
Intelark, не забудьте потом нажать кнопку «Подтвердить выполнение заказа».
[2026-02-16 21:13:32] [Bot -> FunPay] 👋 Привет! Я — официальный бот ZeroCardinal.

📦 Я занимаюсь мгновенной автоматической выдачей товаров после оплаты.
💰 Чтобы начать, просто оплатите любой из наших лотов, и я сразу напишу вам здесь!

📊 Команды:
!status — Работает ли бот сейчас
!help — Показать список всех команд
[2026-02-16 21:13:32] [BoostedNUMBER1] 🎉 Спасибо за покупку! Ваш заказ на валюту SpookyTime уже в обработке. Ожидайте когда вам напишет продавец! Если будут вопросы, пишите мне в чат. 🚀
[2026-02-16 21:13:32] [BoostedNUMBER1] ⏳ В данный момент я занят выдачей другого заказа.

Ваш заказ #DDBNA9TY добавлен в лист ожидания.
📊 Ваша текущая позиция: #1

Не уходите далеко, я сообщу, когда наступит ваша очередь!

🐦 ZeroCardinal
[2026-02-16 21:13:32] [BoostedNUMBER1] ⛔ У вас нет прав для выполнения этой команды.

🐦 ZeroCardinal
[2026-02-16 21:13:32] [BoostedNUMBER1] !skip ​‍‌
[2026-02-16 21:13:32] [BoostedNUMBER1] ⛔ У вас нет прав для выполнения этой команды.

🐦 ZeroCardinal
[2026-02-16 21:13:32] [BoostedNUMBER1] ⛔ Сейчас нет активного заказа в процессе выдачи.

🐦 ZeroCardinal
[2026-02-16 21:13:32] [BoostedNUMBER1] 📊 Ваша позиция в листе ожидания: #1.
Перед вами в очереди: 0 чел.

🐦 ZeroCardinal
[2026-02-16 21:13:32] [BoostedNUMBER1] 💰 Наш текущий баланс на сервере: 3,010,000 валюты.

🐦 ZeroCardinal
[2026-02-16 21:13:32] [BoostedNUMBER1] ⛔ Сейчас нет активного заказа в процессе выдачи.

🐦 ZeroCardinal
[2026-02-16 21:13:32] ➥ Идёт проверка, пожалуйста, подождите...
[2026-02-16 21:13:34] ➥ Идёт проверка, пожалуйста, подождите...
[2026-02-16 21:13:37] ➥ Идёт проверка, пожалуйста, подождите...
[2026-02-16 21:13:39] ➥ Идёт проверка, пожалуйста, подождите...
[2026-02-16 21:13:40] ➥ Идёт проверка, пожалуйста, подождите...
[2026-02-16 21:13:40] ➥ Вы успешно прошли проверку! :)
[2026-02-16 21:13:40] [✾] Успешная авторизация! Приятной игры!
[2026-02-16 21:13:40] ╔════ ★ SpookyTime.net ★ ════╗
║ 
║  Добро пожаловать на SpookyTime
║  Наши социальные сети — /links
║  Приятной игры и новых побед!
║ 
╚══════════════════════╝
[2026-02-16 21:13:42] Вы уже подключены на этот сервер!
[2026-02-16 21:13:43] ** ! Внимание !
** Чтобы ваш Аккаунт был в БЕЗОПАСНОСТИ!
** Привяжите его к ВК: /vk
** Или к Телеграм: /tg

** ! Внимание !
** Чтобы ваш Аккаунт был в БЕЗОПАСНОСТИ!
** Привяжите его к ВК: /vk
** Или к Телеграм: /tg
[2026-02-16 21:14:41] [BoostedNUMBER1] quadroi ​‍‌
[2026-02-16 21:14:45] [BoostedNUMBER1] привет ​‍‌
[2026-02-16 21:14:53] ╔
[2026-02-16 21:14:53] ╠ /donshop магазин для твоей души
[2026-02-16 21:14:53] ╚
[2026-02-16 21:15:59] Ⓖ [Игрок] ZXC_ZeReTex_ZXC ⇨ ПИДАААРАААС
[2026-02-16 21:15:59] Ⓛ [Игрок] ZXC_ZeReTex_ZXC ⇨ дай ресов
[2026-02-16 21:15:59] ╔══╦══╦══╦══╦══╦══╦══╦══╗
 ║
 ║      |||   [Маяк убийца]   |||
 ║    Уровень лута: Элитный
 ║    Появился на координатах -1792 69 -2335
 ║
 ╚══╩══╩══╩══╩══╩══╩══╩══╝
[2026-02-16 21:15:59] Ⓛ [Игрок] ZXC_ZeReTex_ZXC ⇨ дай ресов
[2026-02-16 21:19:31] [Bot -> mullaxul1] 👋 Я снова в сети! Ваш заказ #TEST123456 в обработке.

📍 Напоминаю: вы должны быть на режиме "Anarchy 401".
Выдаем на ник: **mullaxul1**? (Да/Нет)
[2026-02-16 21:21:36] [✾] Войдите в игру ⇝ /login <Пароль>
[2026-02-16 21:21:37] [✾] Успешная авторизация! Приятной игры!
[2026-02-16 21:21:37] ╔════ ★ SpookyTime.net ★ ════╗
║ 
║  Добро пожаловать на SpookyTime
║  Наши социальные сети — /links
║  Приятной игры и новых побед!
║ 
╚══════════════════════╝
[2026-02-16 21:21:37] ⚡ Вы играете на SpookyTime!
[2026-02-16 21:21:38] [⚠] Данной команды не существует!
[2026-02-16 21:21:39] Уже подключаемся на этот сервер!
[2026-02-16 21:21:40] ** ! Внимание !
** Чтобы ваш Аккаунт был в БЕЗОПАСНОСТИ!
** Привяжите его к ВК: /vk
** Или к Телеграм: /tg

** ! Внимание !
** Чтобы ваш Аккаунт был в БЕЗОПАСНОСТИ!
** Привяжите его к ВК: /vk
** Или к Телеграм: /tg
[2026-02-16 21:21:44] [$] Ваш баланс: $3,010,000
[2026-02-16 21:21:55] [$] Ваш баланс: $3,010,000
[2026-02-16 21:21:58] [mullaxul1] привет
[2026-02-16 21:21:58] [Bot -> mullaxul1] ⚠️ Для продолжения мне нужен четкий ответ.
Пожалуйста, напишите "Да" (для подтверждения) или "Нет" (для смены ника).
[2026-02-16 21:22:06] [$] Ваш баланс: $3,010,000
[2026-02-16 21:22:10] [mullaxul1] нет
[2026-02-16 21:22:10] [Bot -> mullaxul1] 🔄 Хорошо, давайте исправим ошибку.
Пожалуйста, введите ваш новый игровой ник:
[2026-02-16 21:22:18] [mullaxul1] подарок
[2026-02-16 21:22:18] [Bot -> mullaxul1] 🤖 Вижу, что вам, возможно, не нужна выдача. Я позвал администратора.
[2026-02-16 21:22:18] [$] Ваш баланс: $3,010,000
[2026-02-16 21:22:29] [$] Ваш баланс: $3,010,000
[2026-02-16 21:22:40] [$] Ваш баланс: $3,010,000
[2026-02-16 21:22:52] [$] Ваш баланс: $3,010,000
[2026-02-16 21:22:53] ╔
[2026-02-16 21:22:53] ╠ Через нашего Телеграм Бота можно узнать:
[2026-02-16 21:22:53] ╠ /mines - список авто-шахт на всех анархиях
[2026-02-16 21:22:53] ╠ /events - список ивентов на всех анархиях
[2026-02-16 21:22:53] ╠ /beacons - список загадочных маяков на всех анархиях
[2026-02-16 21:22:53] ╠ И многое другое, что сделает игру ещё комфортнее
[2026-02-16 21:22:53] ╠ Ссылка: telegram.me/spookytimebot
[2026-02-16 21:22:53] ╚
[2026-02-16 21:23:04] [$] Ваш баланс: $3,010,000
[2026-02-16 21:23:16] [$] Ваш баланс: $3,010,000
[2026-02-16 21:23:28] [$] Ваш баланс: $3,010,000
[2026-02-16 21:24:05] Ⓖ <fsfs> [Князь] Alphotic 0iq ⇨ теперь не дам
[2026-02-16 21:24:06] ╔══════════════════════════════════
║ > ❤ Игрок никскрыт купил Элита + 30.000 ТК
║ > Теперь он стал намного круче! :)
║ > Покупай и ты на сайте shop.SpookyTime.net
╚══════════════════════════════════
[2026-02-16 21:24:13] Ⓖ <best> ﴾Барон﴿ URL1448 ЧСВ! ⇨ Я ХЗ КТО ОН
[2026-02-16 21:24:15] Ⓖ <best> [Элита] gram_200 ⇨ давай верну элики
[2026-02-16 21:24:22] Ⓖ <fsfs> [Князь] Alphotic 0iq ⇨ мне пох*й
[2026-02-16 21:24:27] Ⓖ <fsfs> [Князь] Alphotic 0iq ⇨ вы мне 2 раза кт дали
[2026-02-16 21:24:30] Ⓖ <fsfs> [Князь] Alphotic 0iq ⇨ е***ны
[2026-02-16 21:24:30] [$] Ваш баланс: $3,010,000
[2026-02-16 21:24:53] ╔
[2026-02-16 21:24:53] ╠                  !!! ВАЖНО !!!
[2026-02-16 21:24:53] ╠ Получите 2,000 Токенов за привязку к
[2026-02-16 21:24:53] ╠ ВКонтакте и Телеграму!
[2026-02-16 21:24:53] ╠
[2026-02-16 21:24:53] ╠ Подробнее: /tg (Привязка к ТГ)
[2026-02-16 21:24:53] ╠ Подробнее: /vk (Привязка к ВК)
[2026-02-16 21:24:53] ╚
[2026-02-16 21:25:02] [$] Ваш баланс: $3,010,000
[2026-02-16 21:25:13] [$] Ваш баланс: $3,010,000
[2026-02-16 21:25:18] [mullaxul1] извини но нет
[2026-02-16 21:25:18] [Bot -> mullaxul1] 👋 Привет! Я — официальный бот ZeroCardinal.

📦 Я занимаюсь мгновенной автоматической выдачей товаров после оплаты.
💰 Чтобы начать, просто оплатите любой из наших лотов, и я сразу напишу вам здесь!

📊 Команды:
!status — Работает ли бот сейчас
!help — Показать список всех команд
[2026-02-16 21:25:23] [$] Ваш баланс: $3,010,000
[2026-02-16 21:25:35] [$] Ваш баланс: $3,010,000
[2026-02-16 21:25:47] [$] Ваш баланс: $3,010,000
[2026-02-16 21:25:50] [mullaxul1] отмена
[2026-02-16 21:25:59] [$] Ваш баланс: $3,010,000
[2026-02-16 21:26:06] [Bot -> mullaxul1] 📜 Список доступных команд:
!status — Статус работы бота
!queue — Ваше место в очереди
!balance — Наш текущий запас валюты
Нет — Изменить ник (если ошиблись)
!help — Показать это меню
[2026-02-16 21:26:11] [$] Ваш баланс: $3,010,000
[2026-02-16 21:28:23] [✾] Успешная авторизация! Приятной игры!
[2026-02-16 21:28:23] ╔════ ★ SpookyTime.net ★ ════╗
║ 
║  Добро пожаловать на SpookyTime
║  Наши социальные сети — /links
║  Приятной игры и новых побед!
║ 
╚══════════════════════╝
[2026-02-16 21:28:24] [mullaxul1] !change
[2026-02-16 21:28:24] [mullaxul1] Нет
[2026-02-16 21:28:25] Уже подключаемся на этот сервер!
[2026-02-16 21:28:26] ** ! Внимание !
** Чтобы ваш Аккаунт был в БЕЗОПАСНОСТИ!
** Привяжите его к ВК: /vk
** Или к Телеграм: /tg

** ! Внимание !
** Чтобы ваш Аккаунт был в БЕЗОПАСНОСТИ!
** Привяжите его к ВК: /vk
** Или к Телеграм: /tg
[2026-02-16 21:28:30] [$] Ваш баланс: $3,010,000
[2026-02-16 21:28:53] ╔
[2026-02-16 21:28:53] ╠       ! НАБОР В КОМАНДУ ПРОЕКТА !
[2026-02-16 21:28:53] ╠ Открыт зимний набор в Команду Проекта
[2026-02-16 21:28:53] ╠ Давай бороться с читерами вместе!
[2026-02-16 21:28:53] ╠ Подавай заявку и ты: vk.cc/cCSS5u
[2026-02-16 21:28:53] ╚
[2026-02-16 21:29:30] [$] Ваш баланс: $3,010,000
[2026-02-16 21:30:30] [$] Ваш баланс: $3,010,000
[2026-02-16 21:30:53] ╔
[2026-02-16 21:30:53] ╠                  !!! ВАЖНО !!!
[2026-02-16 21:30:53] ╠ Получите 2,000 Токенов за привязку к
[2026-02-16 21:30:53] ╠ ВКонтакте и Телеграму!
[2026-02-16 21:30:53] ╠
[2026-02-16 21:30:53] ╠ Подробнее: /tg (Привязка к ТГ)
[2026-02-16 21:30:53] ╠ Подробнее: /vk (Привязка к ВК)
[2026-02-16 21:30:53] ╚
[2026-02-16 21:31:24] ╔═════════════════════════════
║ > ❤ Игрок никскрыт купил 10.000 Токенов
║ > Покупай и ты на сайте shop.SpookyTime.net
╚═════════════════════════════
[2026-02-16 21:31:30] [$] Ваш баланс: $3,010,000
[2026-02-16 21:31:48] ╔══════════════════════════════════
║ > ❤ Игрок никскрыт купил Принц + 90.000 ТК
║ > Теперь он стал намного круче! :)
║ > Покупай и ты на сайте shop.SpookyTime.net
╚══════════════════════════════════
[2026-02-16 21:32:30] [$] Ваш баланс: $3,010,000
[2026-02-16 21:32:53] ╔
[2026-02-16 21:32:53] ╠ Кирка Крушителя на Эффективность-10, Удачу-5,
[2026-02-16 21:32:53] ╠ Починку, Бульдозер и другие чары очень
[2026-02-16 21:32:53] ╠ дешево можно купить в магазине /tshop
[2026-02-16 21:32:53] ╚
[2026-02-16 21:33:30] [$] Ваш баланс: $3,010,000
[2026-02-16 21:34:30] [$] Ваш баланс: $3,010,000
[2026-02-16 21:34:53] ╔
[2026-02-16 21:34:53] ╠    ! НОВАЯ МЕТА ХАЛЯВЫ !
[2026-02-16 21:34:53] ╠ Топовые ежедневные награды!
[2026-02-16 21:34:53] ╠ Подробная информация /daily
[2026-02-16 21:34:53] ╚
[2026-02-16 21:35:12] Ⓛ <qwyr> [Глава] X_SUMMER_BLICH ЧСВ! ⇨ lpvp
[2026-02-16 21:35:30] [$] Ваш баланс: $3,010,000
[2026-02-16 21:35:33] ╔═════════════════════════════
║ > ❤ Игрок никскрыт купил 10.000 Токенов
║ > Покупай и ты на сайте shop.SpookyTime.net
╚═════════════════════════════
[2026-02-16 21:35:33] ╔══════════════════════════════════
║ > ❤ Игрок никскрыт купил 2 СУПЕР Кейс с Донатом
║ > Проверь свою удачу у нас!
║ > Покупай и ты на сайте shop.SpookyTime.net
╚══════════════════════════════════
[2026-02-16 21:36:30] [$] Ваш баланс: $3,010,000
[2026-02-16 21:36:53] ╔
[2026-02-16 21:36:53] ╠                  !!! ВАЖНО !!!
[2026-02-16 21:36:53] ╠ Получите 2,000 Токенов за привязку к
[2026-02-16 21:36:53] ╠ ВКонтакте и Телеграму!
[2026-02-16 21:36:53] ╠
[2026-02-16 21:36:53] ╠ Подробнее: /tg (Привязка к ТГ)
[2026-02-16 21:36:53] ╠ Подробнее: /vk (Привязка к ВК)
[2026-02-16 21:36:53] ╚
[2026-02-16 21:37:30] [$] Ваш баланс: $3,010,000
[2026-02-16 21:38:30] [$] Ваш баланс: $3,010,000
[2026-02-16 21:38:50] ╔═════════════════════════════
║ > ❤ Игрок никскрыт купил 10.000 Токенов
║ > Покупай и ты на сайте shop.SpookyTime.net
╚═════════════════════════════
[2026-02-16 21:38:53] ╔
[2026-02-16 21:38:53] ╠ Обезопась свой Аккаунт при помощи его
[2026-02-16 21:38:53] ╠ привязки к ВКонтакте и Телеграму
[2026-02-16 21:38:53] ╠ и получи за это 2,000 Токенов!
[2026-02-16 21:38:53] ╠ Подробнее: /tg (Привязка к ТГ)
[2026-02-16 21:38:53] ╠ Подробнее: /vk (Привязка к ВК)
[2026-02-16 21:38:53] ╚
[2026-02-16 21:39:30] [$] Ваш баланс: $3,010,000
[2026-02-16 21:40:30] [$] Ваш баланс: $3,010,000
[2026-02-16 21:40:53] ╔
[2026-02-16 21:40:53] ╠ Подключайся к нашим сообществам /links
[2026-02-16 21:40:53] ╚
[2026-02-16 21:41:30] [$] Ваш баланс: $3,010,000
[2026-02-16 21:42:30] [$] Ваш баланс: $3,010,000
[2026-02-16 21:42:45] Ⓛ <xdel> [Игрок] Flaimix ⇨ и че
[2026-02-16 21:42:53] ╔
[2026-02-16 21:42:53] ╠          ! ГОЛОСОВОЙ ЧАТ !
[2026-02-16 21:42:53] ╠ Теперь на сервере можно говорить!
[2026-02-16 21:42:53] ╠ Подробная информация /voice
[2026-02-16 21:42:53] ╚
[2026-02-16 21:43:30] [$] Ваш баланс: $3,010,000
[2026-02-16 21:43:32] Ⓖ [Принц] ZXC_ZeReTex_ZXC ⇨ tp warp pvp kto pvp
[2026-02-16 21:44:29] ➥ Идёт проверка, пожалуйста, подождите...
[2026-02-16 21:44:31] ➥ Идёт проверка, пожалуйста, подождите...
[2026-02-16 21:44:31] ➥ Идёт проверка, пожалуйста, подождите...
[2026-02-16 21:44:34] ➥ Идёт проверка, пожалуйста, подождите...
[2026-02-16 21:44:37] ➥ Идёт проверка, пожалуйста, подождите...
[2026-02-16 21:44:37] ➥ Идёт проверка, пожалуйста, подождите...
[2026-02-16 21:44:37] ➥ Вы успешно прошли проверку! :)
[2026-02-16 21:44:37] [✾] Успешная авторизация! Приятной игры!
[2026-02-16 21:44:37] ╔════ ★ SpookyTime.net ★ ════╗
║ 
║  Добро пожаловать на SpookyTime
║  Наши социальные сети — /links
║  Приятной игры и новых побед!
║ 
╚══════════════════════╝
[2026-02-16 21:44:38] ⚡ Проблема/Вопрос? vk.com/kol_kola
[2026-02-16 21:44:39] Вы уже подключены на этот сервер!
[2026-02-16 21:44:40] ** ! Внимание !
** Чтобы ваш Аккаунт был в БЕЗОПАСНОСТИ!
** Привяжите его к ВК: /vk
** Или к Телеграм: /tg

** ! Внимание !
** Чтобы ваш Аккаунт был в БЕЗОПАСНОСТИ!
** Привяжите его к ВК: /vk
** Или к Телеграм: /tg
[2026-02-16 21:44:53] ╔
[2026-02-16 21:44:53] ╠                  !!! ВАЖНО !!!
[2026-02-16 21:44:53] ╠ Получите 2,000 Токенов за привязку к
[2026-02-16 21:44:53] ╠ ВКонтакте и Телеграму!
[2026-02-16 21:44:53] ╠
[2026-02-16 21:44:53] ╠ Подробнее: /tg (Привязка к ТГ)
[2026-02-16 21:44:53] ╠ Подробнее: /vk (Привязка к ВК)
[2026-02-16 21:44:53] ╚
[2026-02-16 21:45:30] [$] Ваш баланс: $3,010,000
[2026-02-16 21:45:46] [$] Ваш баланс: $3,010,000
[2026-02-16 21:45:49] ╔══╦══╦══╦══╦══╦══╦══╦══╗
 ║
 ║      |||   [Метеоритный Дождь]   |||
 ║    Уровень лута: Легендарный
 ║    Появится уже через 3 минуты!
 ║
 ╚══╩══╩══╩══╩══╩══╩══╩══╝
[2026-02-16 21:45:57] [$] Ваш баланс: $3,010,000
[2026-02-16 21:46:09] [$] Ваш баланс: $3,010,000
[2026-02-16 21:46:19] [$] Ваш баланс: $3,010,000
[2026-02-16 21:46:31] [$] Ваш баланс: $3,010,000
[2026-02-16 21:46:37] ╔══════════════════════════════════
║ > ❤ Игрок никскрыт купил Титан + 60.000 ТК
║ > Теперь он стал намного круче! :)
║ > Покупай и ты на сайте shop.SpookyTime.net
╚══════════════════════════════════
[2026-02-16 21:46:43] [$] Ваш баланс: $3,010,000
[2026-02-16 21:46:53] ╔
[2026-02-16 21:46:53] ╠ У нас очень часто проходят конкурсы
[2026-02-16 21:46:53] ╠ Список актуальных конкурсов можно посмотреть:
[2026-02-16 21:46:53] ╠ Вводи команду /конкурсы
[2026-02-16 21:46:53] ╚
[2026-02-16 21:47:30] [$] Ваш баланс: $3,010,000
[2026-02-16 21:47:58] Ⓖ <cffd> [Игрок] MrBarmaley29 Нуб ⇨ all купите кровавые стрелы,мне на сетку надо
[2026-02-16 21:48:00] [$] Ваш баланс: $3,010,000
[2026-02-16 21:48:11] [$] Ваш баланс: $3,010,000
[2026-02-16 21:48:22] Ⓖ [Принц] ZXC_ZeReTex_ZXC ⇨ tp warp pvp kto pvp
[2026-02-16 21:48:23] [$] Ваш баланс: $3,010,000
[2026-02-16 21:48:25] Ⓖ [Аспид] aWqL366 ⇨ кто тим тп или в лс
[2026-02-16 21:48:35] [$] Ваш баланс: $3,010,000
[2026-02-16 21:48:41] ╔══════════════════════════════════
║ > ❤ Игрок никскрыт купил Герцог + 500.000 ТК
║ > Теперь он стал намного круче! :)
║ > Покупай и ты на сайте shop.SpookyTime.net
╚══════════════════════════════════
[2026-02-16 21:48:47] [$] Ваш баланс: $3,010,000
[2026-02-16 21:48:49] ╔══╦══╦══╦══╦══╦══╦══╦══╗
 ║
 ║      |||   [Метеоритный Дождь]   |||
 ║    Уровень лута: Легендарный
 ║    Появился на координатах -689 63 1302
 ║
 ╚══╩══╩══╩══╩══╩══╩══╩══╝
[2026-02-16 21:48:53] ╔
[2026-02-16 21:48:53] ╠ Покупай Токены и получи бонус Кэшбек!
[2026-02-16 21:48:53] ╠ Их можно потратить на некоторые товары
[2026-02-16 21:48:53] ╠ Вводи команду /cashback для просмотра!
[2026-02-16 21:48:53] ╚
[2026-02-16 21:48:59] [$] Ваш баланс: $3,010,000
[2026-02-16 21:49:09] Ⓖ [Принц] ZXC_ZeReTex_ZXC ⇨ кто тепнет на метеорит за 10к
[2026-02-16 21:49:09] Ⓖ ﴾Игрок﴿ morphine_attack1 (◑‿◐) ⇨  ты гле
[2026-02-16 21:49:16] Ⓖ ﴾Игрок﴿ morphine_attack1 (◑‿◐) ⇨  на варп пвп
[2026-02-16 21:49:30] [$] Ваш баланс: $3,010,000
[2026-02-16 21:50:20] Ⓛ [Принц] ZXC_ZeReTex_ZXC ⇨ эх
[2026-02-16 21:50:23] Ⓖ [Принц] ZXC_ZeReTex_ZXC ⇨ маладец
[2026-02-16 21:50:30] [$] Ваш баланс: $3,010,000
[2026-02-16 21:50:53] ╔
[2026-02-16 21:50:53] ╠                  !!! ВАЖНО !!!
[2026-02-16 21:50:53] ╠ Получите 2,000 Токенов за привязку к
[2026-02-16 21:50:53] ╠ ВКонтакте и Телеграму!
[2026-02-16 21:50:53] ╠
[2026-02-16 21:50:53] ╠ Подробнее: /tg (Привязка к ТГ)
[2026-02-16 21:50:53] ╠ Подробнее: /vk (Привязка к ВК)
[2026-02-16 21:50:53] ╚
[2026-02-16 21:51:30] [$] Ваш баланс: $3,010,000
[2026-02-16 21:52:30] [$] Ваш баланс: $3,010,000
[2026-02-16 21:52:53] ╔
[2026-02-16 21:52:53] ╠ Мы есть в ВК - vk.com/spookytimenet
[2026-02-16 21:52:53] ╚
[2026-02-16 21:53:30] [$] Ваш баланс: $3,010,000
[2026-02-16 21:53:41] [❖] Реклама ⇨ all пж купите у моего кента дк на донмаркете это его первый донат ник drak15 !!!!! (Mrpivoo)
